{
  "version": "1.5.0",
  "plugins_used": [
    {
      "name": "ArtifactoryDetector"
    },
    {
      "name": "AWSKeyDetector"
    },
    {
      "name": "AzureStorageKeyDetector"
    },
    {
      "name": "Base64HighEntropyString",
      "limit": 4.5
    },
    {
      "name": "BasicAuthDetector"
    },
    {
      "name": "CloudantDetector"
    },
    {
      "name": "DiscordBotTokenDetector"
    },
    {
      "name": "GitHubTokenDetector"
    },
    {
      "name": "GitLabTokenDetector"
    },
    {
      "name": "HexHighEntropyString",
      "limit": 3.0
    },
    {
      "name": "IbmCloudIamDetector"
    },
    {
      "name": "IbmCosHmacDetector"
    },
    {
      "name": "IPPublicDetector"
    },
    {
      "name": "JwtTokenDetector"
    },
    {
      "name": "KeywordDetector",
      "keyword_exclude": ""
    },
    {
      "name": "MailchimpDetector"
    },
    {
      "name": "NpmDetector"
    },
    {
      "name": "OpenAIDetector"
    },
    {
      "name": "PrivateKeyDetector"
    },
    {
      "name": "PypiTokenDetector"
    },
    {
      "name": "SendGridDetector"
    },
    {
      "name": "SlackDetector"
    },
    {
      "name": "SoftlayerDetector"
    },
    {
      "name": "SquareOAuthDetector"
    },
    {
      "name": "StripeDetector"
    },
    {
      "name": "TelegramBotTokenDetector"
    },
    {
      "name": "TwilioKeyDetector"
    }
  ],
  "filters_used": [
    {
      "path": "detect_secrets.filters.allowlist.is_line_allowlisted"
    },
    {
      "path": "detect_secrets.filters.common.is_ignored_due_to_verification_policies",
      "min_level": 2
    },
    {
      "path": "detect_secrets.filters.heuristic.is_indirect_reference"
    },
    {
      "path": "detect_secrets.filters.heuristic.is_likely_id_string"
    },
    {
      "path": "detect_secrets.filters.heuristic.is_lock_file"
    },
    {
      "path": "detect_secrets.filters.heuristic.is_not_alphanumeric_string"
    },
    {
      "path": "detect_secrets.filters.heuristic.is_potential_uuid"
    },
    {
      "path": "detect_secrets.filters.heuristic.is_prefixed_with_dollar_sign"
    },
    {
      "path": "detect_secrets.filters.heuristic.is_sequential_string"
    },
    {
      "path": "detect_secrets.filters.heuristic.is_swagger_file"
    },
    {
      "path": "detect_secrets.filters.heuristic.is_templated_secret"
    },
    {
      "path": "detect_secrets.filters.regex.should_exclude_file",
      "pattern": [
        "(^|/)(\\.git|\\.venv|\\.tools|\\.cleanroom-[^/]+|node_modules|dist|build|coverage|\\.mypy_cache|\\.ruff_cache|\\.pytest_cache|__pycache__)(/|$)|(^|/)docs/evidence/licensing/(DOC-HAUS-RIGHTS-INVENTORY\\.json|DOC-HAUS-SBOM\\.cdx\\.json)$|(^|/)(\\.secrets\\.baseline|uv\\.lock|package-lock\\.json)$"
      ]
    }
  ],
  "results": {
    ".github/workflows/ci-gate-check.yml": [
      {
        "type": "Hex High Entropy String",
        "filename": ".github/workflows/ci-gate-check.yml",
        "hashed_secret": "04c7b1758ce74486f52b19d50e450e0fe4b0e02a",
        "is_verified": false,
        "line_number": 14
      }
    ],
    ".github/workflows/docs-check.yml": [
      {
        "type": "Hex High Entropy String",
        "filename": ".github/workflows/docs-check.yml",
        "hashed_secret": "04c7b1758ce74486f52b19d50e450e0fe4b0e02a",
        "is_verified": false,
        "line_number": 15
      }
    ],
    "config/provenance/doc-haus-audit.json": [
      {
        "type": "Hex High Entropy String",
        "filename": "config/provenance/doc-haus-audit.json",
        "hashed_secret": "10653754557b5a14f5c859419e73ef69b2f6534f",
        "is_verified": false,
        "line_number": 13
      },
      {
        "type": "Hex High Entropy String",
        "filename": "config/provenance/doc-haus-audit.json",
        "hashed_secret": "2c133c1523dacd3cc8f7bc02a9dd5672a9f5d418",
        "is_verified": false,
        "line_number": 65
      },
      {
        "type": "Hex High Entropy String",
        "filename": "config/provenance/doc-haus-audit.json",
        "hashed_secret": "c5b0aa0214e1c84e376be2b37d856c3056782f0f",
        "is_verified": false,
        "line_number": 74
      },
      {
        "type": "Hex High Entropy String",
        "filename": "config/provenance/doc-haus-audit.json",
        "hashed_secret": "08188df9f13ed098bfeb7884eb22cba5d35b3469",
        "is_verified": false,
        "line_number": 75
      },
      {
        "type": "Hex High Entropy String",
        "filename": "config/provenance/doc-haus-audit.json",
        "hashed_secret": "44b015c5ac87de9e5d681c3a1dcc1f42387afd6b",
        "is_verified": false,
        "line_number": 76
      },
      {
        "type": "Hex High Entropy String",
        "filename": "config/provenance/doc-haus-audit.json",
        "hashed_secret": "244f421f896bdcdd2784dccf4eaf7c8dfd5189b5",
        "is_verified": false,
        "line_number": 90
      },
      {
        "type": "Hex High Entropy String",
        "filename": "config/provenance/doc-haus-audit.json",
        "hashed_secret": "46e965d4847139c27aec45e22eaa9a9201c6dfd7",
        "is_verified": false,
        "line_number": 101
      },
      {
        "type": "Hex High Entropy String",
        "filename": "config/provenance/doc-haus-audit.json",
        "hashed_secret": "d18b9570b7c2ac5e29668d28d58ce30275979145",
        "is_verified": false,
        "line_number": 105
      },
      {
        "type": "Hex High Entropy String",
        "filename": "config/provenance/doc-haus-audit.json",
        "hashed_secret": "1f73a57bb3cd8d7f52198c6ae75eaf56c42df16f",
        "is_verified": false,
        "line_number": 109
      },
      {
        "type": "Hex High Entropy String",
        "filename": "config/provenance/doc-haus-audit.json",
        "hashed_secret": "d06b85228e443f31ae076985004ea4c1954dea08",
        "is_verified": false,
        "line_number": 113
      },
      {
        "type": "Hex High Entropy String",
        "filename": "config/provenance/doc-haus-audit.json",
        "hashed_secret": "b12253b2ee3ca86e8752f44b2c460a210da9c220",
        "is_verified": false,
        "line_number": 117
      },
      {
        "type": "Hex High Entropy String",
        "filename": "config/provenance/doc-haus-audit.json",
        "hashed_secret": "dc8a60a36cd5797157294efc18277f082b96782a",
        "is_verified": false,
        "line_number": 121
      },
      {
        "type": "Hex High Entropy String",
        "filename": "config/provenance/doc-haus-audit.json",
        "hashed_secret": "241d04fe30e5feb37a95f6351d2814d2e67890d5",
        "is_verified": false,
        "line_number": 125
      },
      {
        "type": "Hex High Entropy String",
        "filename": "config/provenance/doc-haus-audit.json",
        "hashed_secret": "35ecbeb24fc3650764908a4533f6e05802e16db9",
        "is_verified": false,
        "line_number": 129
      },
      {
        "type": "Hex High Entropy String",
        "filename": "config/provenance/doc-haus-audit.json",
        "hashed_secret": "849b66b4fba4edd103355798874bdbccff170d58",
        "is_verified": false,
        "line_number": 136
      },
      {
        "type": "Hex High Entropy String",
        "filename": "config/provenance/doc-haus-audit.json",
        "hashed_secret": "0165d0a7debffc46da32fd1f4c37d45e51ab07f6",
        "is_verified": false,
        "line_number": 142
      },
      {
        "type": "Hex High Entropy String",
        "filename": "config/provenance/doc-haus-audit.json",
        "hashed_secret": "401b74325161259c93a0bb2bda78f01371f132e1",
        "is_verified": false,
        "line_number": 152
      },
      {
        "type": "Hex High Entropy String",
        "filename": "config/provenance/doc-haus-audit.json",
        "hashed_secret": "3241dd442ac92be7b1443fc6a32f6b2db2da4ac9",
        "is_verified": false,
        "line_number": 161
      },
      {
        "type": "Hex High Entropy String",
        "filename": "config/provenance/doc-haus-audit.json",
        "hashed_secret": "6340f89ef46a4c306ac023b4b5567a772f3cb11d",
        "is_verified": false,
        "line_number": 170
      },
      {
        "type": "Hex High Entropy String",
        "filename": "config/provenance/doc-haus-audit.json",
        "hashed_secret": "b84e3942f8fae50c8e5af8a3e9ca63b93979b635",
        "is_verified": false,
        "line_number": 179
      },
      {
        "type": "Hex High Entropy String",
        "filename": "config/provenance/doc-haus-audit.json",
        "hashed_secret": "89e58ab2b50dbc2fae6e6e274123b08f40b50191",
        "is_verified": false,
        "line_number": 191
      },
      {
        "type": "Hex High Entropy String",
        "filename": "config/provenance/doc-haus-audit.json",
        "hashed_secret": "299560094e87af82b91424339358a41765a6fcbc",
        "is_verified": false,
        "line_number": 210
      },
      {
        "type": "Hex High Entropy String",
        "filename": "config/provenance/doc-haus-audit.json",
        "hashed_secret": "3a186b4270bfacd3f7f6cdf62c32e849c828d08d",
        "is_verified": false,
        "line_number": 225
      },
      {
        "type": "Hex High Entropy String",
        "filename": "config/provenance/doc-haus-audit.json",
        "hashed_secret": "9c884bf179e8cf5469c8beaa392b965b4004ea48",
        "is_verified": false,
        "line_number": 244
      },
      {
        "type": "Hex High Entropy String",
        "filename": "config/provenance/doc-haus-audit.json",
        "hashed_secret": "dcbf2f7cbe496709c91cb4e3715c4f5772f046d9",
        "is_verified": false,
        "line_number": 261
      },
      {
        "type": "Hex High Entropy String",
        "filename": "config/provenance/doc-haus-audit.json",
        "hashed_secret": "8b40680330c5e5c8110b26319e922665a61caea7",
        "is_verified": false,
        "line_number": 276
      },
      {
        "type": "Base64 High Entropy String",
        "filename": "config/provenance/doc-haus-audit.json",
        "hashed_secret": "aaecfacfcc157e87fcbc9a703ea1c1edf475b1db",
        "is_verified": false,
        "line_number": 302
      },
      {
        "type": "Hex High Entropy String",
        "filename": "config/provenance/doc-haus-audit.json",
        "hashed_secret": "cdafcc233cf8b59e0370a2d04d400d9a410e8dee",
        "is_verified": false,
        "line_number": 306
      },
      {
        "type": "Base64 High Entropy String",
        "filename": "config/provenance/doc-haus-audit.json",
        "hashed_secret": "216c52f58a3760d84851056144b9079a6ee6596b",
        "is_verified": false,
        "line_number": 317
      },
      {
        "type": "Hex High Entropy String",
        "filename": "config/provenance/doc-haus-audit.json",
        "hashed_secret": "5a848a29b08306c3a66ad3f5805d0804f15195bf",
        "is_verified": false,
        "line_number": 320
      },
      {
        "type": "Base64 High Entropy String",
        "filename": "config/provenance/doc-haus-audit.json",
        "hashed_secret": "fa611a54b49d8fa48f711316ece5af4dd178b419",
        "is_verified": false,
        "line_number": 329
      },
      {
        "type": "Hex High Entropy String",
        "filename": "config/provenance/doc-haus-audit.json",
        "hashed_secret": "aed315253a343e764a5966248da7b9d4b163b33e",
        "is_verified": false,
        "line_number": 332
      },
      {
        "type": "Base64 High Entropy String",
        "filename": "config/provenance/doc-haus-audit.json",
        "hashed_secret": "5ba8c775e732e49a1a3b3b99b361338253992c40",
        "is_verified": false,
        "line_number": 338
      },
      {
        "type": "Hex High Entropy String",
        "filename": "config/provenance/doc-haus-audit.json",
        "hashed_secret": "76d7f546d9acf02a95dcb020dfa4f688a75c3532",
        "is_verified": false,
        "line_number": 341
      },
      {
        "type": "Base64 High Entropy String",
        "filename": "config/provenance/doc-haus-audit.json",
        "hashed_secret": "4716de6eb674b2d666583eb092da8b1c2303a795",
        "is_verified": false,
        "line_number": 347
      },
      {
        "type": "Hex High Entropy String",
        "filename": "config/provenance/doc-haus-audit.json",
        "hashed_secret": "119aaffa0202348e62a7e4b2a1002147eb9a8c89",
        "is_verified": false,
        "line_number": 350
      },
      {
        "type": "Base64 High Entropy String",
        "filename": "config/provenance/doc-haus-audit.json",
        "hashed_secret": "b5926cba843c4b956ab6a50f437514c78f7a2961",
        "is_verified": false,
        "line_number": 356
      },
      {
        "type": "Base64 High Entropy String",
        "filename": "config/provenance/doc-haus-audit.json",
        "hashed_secret": "16615d4a3177908c029aff2e170755a99ece101f",
        "is_verified": false,
        "line_number": 365
      },
      {
        "type": "Hex High Entropy String",
        "filename": "config/provenance/doc-haus-audit.json",
        "hashed_secret": "1ad2246dbc94068dff3cc1d1320c49afb102fa13",
        "is_verified": false,
        "line_number": 368
      },
      {
        "type": "Base64 High Entropy String",
        "filename": "config/provenance/doc-haus-audit.json",
        "hashed_secret": "549a0e96d57b8e7207bef024499efdc925281b89",
        "is_verified": false,
        "line_number": 374
      },
      {
        "type": "Hex High Entropy String",
        "filename": "config/provenance/doc-haus-audit.json",
        "hashed_secret": "0de84004212534b7decc6197d95ad4cc163e2576",
        "is_verified": false,
        "line_number": 377
      },
      {
        "type": "Base64 High Entropy String",
        "filename": "config/provenance/doc-haus-audit.json",
        "hashed_secret": "7c7205c82bb5be0385d17e7cd09f2acd931d9d8e",
        "is_verified": false,
        "line_number": 383
      },
      {
        "type": "Hex High Entropy String",
        "filename": "config/provenance/doc-haus-audit.json",
        "hashed_secret": "fa0ff91b4625a2db47c7db2ed1c69e49be3e2202",
        "is_verified": false,
        "line_number": 386
      },
      {
        "type": "Base64 High Entropy String",
        "filename": "config/provenance/doc-haus-audit.json",
        "hashed_secret": "c354077fc10dd32f0640d687624a34bed28cc244",
        "is_verified": false,
        "line_number": 392
      },
      {
        "type": "Hex High Entropy String",
        "filename": "config/provenance/doc-haus-audit.json",
        "hashed_secret": "f2ccdc5fc7cc695dfb946c404f704a1ff9367c9a",
        "is_verified": false,
        "line_number": 395
      },
      {
        "type": "Base64 High Entropy String",
        "filename": "config/provenance/doc-haus-audit.json",
        "hashed_secret": "7711aa1077269dba5730ef9759340fb78d449e27",
        "is_verified": false,
        "line_number": 401
      },
      {
        "type": "Hex High Entropy String",
        "filename": "config/provenance/doc-haus-audit.json",
        "hashed_secret": "d7c6839403723a275f25c23c9fa6fadc114d6cb7",
        "is_verified": false,
        "line_number": 404
      },
      {
        "type": "Base64 High Entropy String",
        "filename": "config/provenance/doc-haus-audit.json",
        "hashed_secret": "8dd87e0e7469444a5672b701acd2c19bb267cc93",
        "is_verified": false,
        "line_number": 410
      },
      {
        "type": "Hex High Entropy String",
        "filename": "config/provenance/doc-haus-audit.json",
        "hashed_secret": "ddc8d2da35c3890b3fc4900664b7f96ecd474739",
        "is_verified": false,
        "line_number": 413
      },
      {
        "type": "Base64 High Entropy String",
        "filename": "config/provenance/doc-haus-audit.json",
        "hashed_secret": "70d411c92b1161d08d54c1077d2998b0dc07c00b",
        "is_verified": false,
        "line_number": 419
      },
      {
        "type": "Hex High Entropy String",
        "filename": "config/provenance/doc-haus-audit.json",
        "hashed_secret": "69a92eea971b95a3551b8dc3e0adeb238daee0eb",
        "is_verified": false,
        "line_number": 422
      },
      {
        "type": "Hex High Entropy String",
        "filename": "config/provenance/doc-haus-audit.json",
        "hashed_secret": "b88af0adf545f82a53938dcb0da8bb1dc2f0a61f",
        "is_verified": false,
        "line_number": 434
      },
      {
        "type": "Hex High Entropy String",
        "filename": "config/provenance/doc-haus-audit.json",
        "hashed_secret": "2c727ec9045f1b8c149b9ebb09f571ed84eb1abd",
        "is_verified": false,
        "line_number": 445
      },
      {
        "type": "Hex High Entropy String",
        "filename": "config/provenance/doc-haus-audit.json",
        "hashed_secret": "a032a9d02115ec55e5719c1b2bc7e2f24b02b20a",
        "is_verified": false,
        "line_number": 456
      },
      {
        "type": "Hex High Entropy String",
        "filename": "config/provenance/doc-haus-audit.json",
        "hashed_secret": "f315e1de397de0a9b22bafe5f59e1097dd90462c",
        "is_verified": false,
        "line_number": 480
      },
      {
        "type": "Hex High Entropy String",
        "filename": "config/provenance/doc-haus-audit.json",
        "hashed_secret": "ef10725052aae6e554764247523f196b9385acca",
        "is_verified": false,
        "line_number": 484
      },
      {
        "type": "Hex High Entropy String",
        "filename": "config/provenance/doc-haus-audit.json",
        "hashed_secret": "f7b3a8a278e32e705aa6ebbf536579948c71e2d7",
        "is_verified": false,
        "line_number": 520
      },
      {
        "type": "Hex High Entropy String",
        "filename": "config/provenance/doc-haus-audit.json",
        "hashed_secret": "53c9b49586861085d62127799916d9932f2dc68b",
        "is_verified": false,
        "line_number": 584
      },
      {
        "type": "Hex High Entropy String",
        "filename": "config/provenance/doc-haus-audit.json",
        "hashed_secret": "8388dbf315854e6c58b3a1085b6a64d1de9a280c",
        "is_verified": false,
        "line_number": 595
      },
      {
        "type": "Hex High Entropy String",
        "filename": "config/provenance/doc-haus-audit.json",
        "hashed_secret": "0f27eeda11e51fcd9ac0ca7341c7b1336817bb27",
        "is_verified": false,
        "line_number": 650
      },
      {
        "type": "Hex High Entropy String",
        "filename": "config/provenance/doc-haus-audit.json",
        "hashed_secret": "36802d17887139c8160b7d3282ef699bb323a022",
        "is_verified": false,
        "line_number": 679
      },
      {
        "type": "Hex High Entropy String",
        "filename": "config/provenance/doc-haus-audit.json",
        "hashed_secret": "368b3158c619c091f7c18b3d160c21c257ee6223",
        "is_verified": false,
        "line_number": 683
      },
      {
        "type": "Hex High Entropy String",
        "filename": "config/provenance/doc-haus-audit.json",
        "hashed_secret": "58776982537dcf5518fc41287cf7c600965e797e",
        "is_verified": false,
        "line_number": 687
      },
      {
        "type": "Hex High Entropy String",
        "filename": "config/provenance/doc-haus-audit.json",
        "hashed_secret": "d0b6bd56873dced93f8f9b0715c5e39c4e576f47",
        "is_verified": false,
        "line_number": 691
      },
      {
        "type": "Hex High Entropy String",
        "filename": "config/provenance/doc-haus-audit.json",
        "hashed_secret": "b4bdf5459ec3c00597a7bf78488817d5a4c8be33",
        "is_verified": false,
        "line_number": 695
      },
      {
        "type": "Hex High Entropy String",
        "filename": "config/provenance/doc-haus-audit.json",
        "hashed_secret": "1ef6d92e7f61675e3c7b233723a71f91bb9d6939",
        "is_verified": false,
        "line_number": 699
      },
      {
        "type": "Hex High Entropy String",
        "filename": "config/provenance/doc-haus-audit.json",
        "hashed_secret": "f6b218f0f74e4d298e7de8aed47dd7bec4d3bfa9",
        "is_verified": false,
        "line_number": 723
      },
      {
        "type": "Hex High Entropy String",
        "filename": "config/provenance/doc-haus-audit.json",
        "hashed_secret": "651bc5e3ce52b448e3172e52e8017d46bcd43ed9",
        "is_verified": false,
        "line_number": 753
      },
      {
        "type": "Hex High Entropy String",
        "filename": "config/provenance/doc-haus-audit.json",
        "hashed_secret": "a97345d115dfed00023ee9c2cb29a32c6de1ad56",
        "is_verified": false,
        "line_number": 757
      },
      {
        "type": "Hex High Entropy String",
        "filename": "config/provenance/doc-haus-audit.json",
        "hashed_secret": "3314e50f82f6122d25a6cfb6b9e61a436d4fc610",
        "is_verified": false,
        "line_number": 761
      },
      {
        "type": "Hex High Entropy String",
        "filename": "config/provenance/doc-haus-audit.json",
        "hashed_secret": "c766929b0d13333f9434e63a55a4b6d9109fbf8d",
        "is_verified": false,
        "line_number": 765
      },
      {
        "type": "Hex High Entropy String",
        "filename": "config/provenance/doc-haus-audit.json",
        "hashed_secret": "2e04bc1fa03655f76db66a5866e712408ecebf5d",
        "is_verified": false,
        "line_number": 769
      },
      {
        "type": "Hex High Entropy String",
        "filename": "config/provenance/doc-haus-audit.json",
        "hashed_secret": "e1b60123a97d1b2d213c0a6393cf1720a51dd43c",
        "is_verified": false,
        "line_number": 773
      },
      {
        "type": "Hex High Entropy String",
        "filename": "config/provenance/doc-haus-audit.json",
        "hashed_secret": "c4ee5d08333df7448d5ae8dfc1354d372ca948a9",
        "is_verified": false,
        "line_number": 777
      },
      {
        "type": "Hex High Entropy String",
        "filename": "config/provenance/doc-haus-audit.json",
        "hashed_secret": "d6f6c82a2ee6abca04ddd59284ac1f74939ecbe3",
        "is_verified": false,
        "line_number": 813
      },
      {
        "type": "Hex High Entropy String",
        "filename": "config/provenance/doc-haus-audit.json",
        "hashed_secret": "6aac8b1f21aab7f94c84d4b70b9727ee6bbdb1d5",
        "is_verified": false,
        "line_number": 817
      },
      {
        "type": "Hex High Entropy String",
        "filename": "config/provenance/doc-haus-audit.json",
        "hashed_secret": "5ed860a4cd613331c70caddf72d1411367417581",
        "is_verified": false,
        "line_number": 821
      },
      {
        "type": "Hex High Entropy String",
        "filename": "config/provenance/doc-haus-audit.json",
        "hashed_secret": "624fe3ca72b3a3e0e7f5efae67e26139cf6de0fe",
        "is_verified": false,
        "line_number": 838
      },
      {
        "type": "Hex High Entropy String",
        "filename": "config/provenance/doc-haus-audit.json",
        "hashed_secret": "963f0fd9cf37fee859a135ccc005521f371e131c",
        "is_verified": false,
        "line_number": 842
      },
      {
        "type": "Hex High Entropy String",
        "filename": "config/provenance/doc-haus-audit.json",
        "hashed_secret": "fddaf7e1a82f8d09d9a8038560cad21e61d62deb",
        "is_verified": false,
        "line_number": 846
      },
      {
        "type": "Hex High Entropy String",
        "filename": "config/provenance/doc-haus-audit.json",
        "hashed_secret": "6d62372872190c649fc0977babd447fd73b7c639",
        "is_verified": false,
        "line_number": 850
      },
      {
        "type": "Hex High Entropy String",
        "filename": "config/provenance/doc-haus-audit.json",
        "hashed_secret": "36beec8c19c0aa7454fe1623051da906dd067448",
        "is_verified": false,
        "line_number": 854
      }
    ],
    "deploy/chiap01/issuer-policy/trusted-issuers.json": [
      {
        "type": "Hex High Entropy String",
        "filename": "deploy/chiap01/issuer-policy/trusted-issuers.json",
        "hashed_secret": "e1fcfed47d3d4c0b2a439375122b2bd104bce3d8",
        "is_verified": false,
        "line_number": 1
      }
    ],
    "migrations/manifest.json": [
      {
        "type": "Hex High Entropy String",
        "filename": "migrations/manifest.json",
        "hashed_secret": "7c8b3b206fb82699676e09ab3b1d481e3e84bcb6",
        "is_verified": false,
        "line_number": 6
      },
      {
        "type": "Hex High Entropy String",
        "filename": "migrations/manifest.json",
        "hashed_secret": "b5b1cf5404915ef395db4626efeebcd95d6973b6",
        "is_verified": false,
        "line_number": 10
      },
      {
        "type": "Hex High Entropy String",
        "filename": "migrations/manifest.json",
        "hashed_secret": "3507dad215c34b17aa082e6b9b90051e4fc99934",
        "is_verified": false,
        "line_number": 14
      },
      {
        "type": "Hex High Entropy String",
        "filename": "migrations/manifest.json",
        "hashed_secret": "89b4f8869c2efa00473da1c1afbdd9a2c7ea9995",
        "is_verified": false,
        "line_number": 18
      },
      {
        "type": "Hex High Entropy String",
        "filename": "migrations/manifest.json",
        "hashed_secret": "977ad53e364de405cc10c0ec313c2283b2f6533b",
        "is_verified": false,
        "line_number": 22
      },
      {
        "type": "Hex High Entropy String",
        "filename": "migrations/manifest.json",
        "hashed_secret": "db9a452b53c21311dd539829ba0b926b44fcbb61",
        "is_verified": false,
        "line_number": 26
      },
      {
        "type": "Hex High Entropy String",
        "filename": "migrations/manifest.json",
        "hashed_secret": "2b3a94316848a25b773cfd77219bff984ae9cc0c",
        "is_verified": false,
        "line_number": 30
      },
      {
        "type": "Hex High Entropy String",
        "filename": "migrations/manifest.json",
        "hashed_secret": "1c53a5d76ad461602212b2d32f114c8b8b5d36c2",
        "is_verified": false,
        "line_number": 34
      },
      {
        "type": "Hex High Entropy String",
        "filename": "migrations/manifest.json",
        "hashed_secret": "39b1c5c368d52997cc5db4fa7473486cbf92cb8e",
        "is_verified": false,
        "line_number": 38
      },
      {
        "type": "Hex High Entropy String",
        "filename": "migrations/manifest.json",
        "hashed_secret": "d617abc8131cd4dfeb0d20d692b919b0ccb609b8",
        "is_verified": false,
        "line_number": 42
      },
      {
        "type": "Hex High Entropy String",
        "filename": "migrations/manifest.json",
        "hashed_secret": "867ca307f43c16849f7300a40c80bc5624f28d43",
        "is_verified": false,
        "line_number": 46
      },
      {
        "type": "Hex High Entropy String",
        "filename": "migrations/manifest.json",
        "hashed_secret": "745250e69175a8f43a5bde9280072bc05c8a95a5",
        "is_verified": false,
        "line_number": 50
      }
    ],
    "packages/capauth/src/sklegal_capauth/issuer.py": [
      {
        "type": "Hex High Entropy String",
        "filename": "packages/capauth/src/sklegal_capauth/issuer.py",
        "hashed_secret": "a452d8db79338e48a40faae7260dafdb0b0f53fe",
        "is_verified": false,
        "line_number": 35
      },
      {
        "type": "Hex High Entropy String",
        "filename": "packages/capauth/src/sklegal_capauth/issuer.py",
        "hashed_secret": "2f3f62f9e8ebc2d8dfb8de99632ef32fc00d51c7",
        "is_verified": false,
        "line_number": 38
      }
    ],
    "tests/integration/test_persistence_contract.py": [
      {
        "type": "Hex High Entropy String",
        "filename": "tests/integration/test_persistence_contract.py",
        "hashed_secret": "8507a1884478f952f8acfb079de5150c0cf8e528",
        "is_verified": false,
        "line_number": 68
      }
    ]
  },
  "generated_at": "2026-08-21T19:04:22Z"
}
